node:internal/modules/cjs/loader:1383
  const err = new Error(message);
              ^

Error: Cannot find module 'dotenv'
Require stack:
- /app/applet/server.ts
    at node:internal/modules/cjs/loader:1383:15
    at nextResolveSimple (/app/applet/node_modules/tsx/dist/register-D46fvsV_.cjs:4:1004)
    at /app/applet/node_modules/tsx/dist/register-D46fvsV_.cjs:3:2630
    at /app/applet/node_modules/tsx/dist/register-D46fvsV_.cjs:3:1542
    at resolveTsPaths (/app/applet/node_modules/tsx/dist/register-D46fvsV_.cjs:4:760)
    at /app/applet/node_modules/tsx/dist/register-D46fvsV_.cjs:4:1102
    at m._resolveFilename (file:///app/applet/node_modules/tsx/dist/register-B7jrtLTO.mjs:1:789)
    at defaultResolveImpl (node:internal/modules/cjs/loader:1025:19)
    at resolveForCJSWithHooks (node:internal/modules/cjs/loader:1030:22)
    at Function._load (node:internal/modules/cjs/loader:1192:37) {
  code: 'MODULE_NOT_FOUND',
  requireStack: [ '/app/applet/server.ts' ]
}

Node.js v22.22.2
npm notice
npm notice New major version of npm available! 10.9.7 -> 11.13.0
npm notice Changelog: https://github.com/npm/cli/releases/tag/v11.13.0
npm notice To update run: npm install -g npm@11.13.0
npm notice
